This is pdfTeX, Version 3.14159265-2.6-1.40.20 (TeX Live 2019) (preloaded format=pdflatex 2019.5.17)  10 NOV 2019 23:45
entering extended mode
 restricted \write18 enabled.
 %&-line parsing enabled.
**zen
(./zen.tex
LaTeX2e <2018-12-01>
(/usr/local/texlive/2019/texmf-dist/tex/latex/base/article.cls
Document Class: article 2018/09/03 v1.4i Standard LaTeX document class
(/usr/local/texlive/2019/texmf-dist/tex/latex/base/size12.clo
File: size12.clo 2018/09/03 v1.4i Standard LaTeX file (size option)
)
\c@part=\count80
\c@section=\count81
\c@subsection=\count82
\c@subsubsection=\count83
\c@paragraph=\count84
\c@subparagraph=\count85
\c@figure=\count86
\c@table=\count87
\abovecaptionskip=\skip41
\belowcaptionskip=\skip42
\bibindent=\dimen102
)
(/usr/local/texlive/2019/texmf-dist/tex/latex/base/inputenc.sty
Package: inputenc 2018/08/11 v1.3c Input encoding file
\inpenc@prehook=\toks14
\inpenc@posthook=\toks15
)
(/usr/local/texlive/2019/texmf-dist/tex/latex/preprint/fullpage.sty
Package: fullpage 1999/02/23 1.1 (PWD)
\FP@margin=\skip43
)
(./ocamlweb.sty
Package: ocamlweb 1999/05/21
\boxA=\box27
\boxB=\box28
\boxwidth=\dimen103
\c@ocwcounter=\count88
) (/usr/local/texlive/2019/texmf-dist/tex/latex/url/url.sty
\Urlmuskip=\muskip10
Package: url 2013/09/16  ver 3.4  Verb mode for urls, etc.
)
(/usr/local/texlive/2019/texmf-dist/tex/latex/graphics/graphicx.sty
Package: graphicx 2017/06/01 v1.1a Enhanced LaTeX Graphics (DPC,SPQR)

(/usr/local/texlive/2019/texmf-dist/tex/latex/graphics/keyval.sty
Package: keyval 2014/10/28 v1.15 key=value parser (DPC)
\KV@toks@=\toks16
)
(/usr/local/texlive/2019/texmf-dist/tex/latex/graphics/graphics.sty
Package: graphics 2017/06/25 v1.2c Standard LaTeX Graphics (DPC,SPQR)

(/usr/local/texlive/2019/texmf-dist/tex/latex/graphics/trig.sty
Package: trig 2016/01/03 v1.10 sin cos tan (DPC)
)
(/usr/local/texlive/2019/texmf-dist/tex/latex/graphics-cfg/graphics.cfg
File: graphics.cfg 2016/06/04 v1.11 sample graphics configuration
)
Package graphics Info: Driver file: pdftex.def on input line 99.

(/usr/local/texlive/2019/texmf-dist/tex/latex/graphics-def/pdftex.def
File: pdftex.def 2018/01/08 v1.0l Graphics/color driver for pdftex
))
\Gin@req@height=\dimen104
\Gin@req@width=\dimen105
)
(./zen.aux)
\openout1 = `zen.aux'.

LaTeX Font Info:    Checking defaults for OML/cmm/m/it on input line 7.
LaTeX Font Info:    ... okay on input line 7.
LaTeX Font Info:    Checking defaults for T1/cmr/m/n on input line 7.
LaTeX Font Info:    ... okay on input line 7.
LaTeX Font Info:    Checking defaults for OT1/cmr/m/n on input line 7.
LaTeX Font Info:    ... okay on input line 7.
LaTeX Font Info:    Checking defaults for OMS/cmsy/m/n on input line 7.
LaTeX Font Info:    ... okay on input line 7.
LaTeX Font Info:    Checking defaults for OMX/cmex/m/n on input line 7.
LaTeX Font Info:    ... okay on input line 7.
LaTeX Font Info:    Checking defaults for U/cmr/m/n on input line 7.
LaTeX Font Info:    ... okay on input line 7.

(/usr/local/texlive/2019/texmf-dist/tex/context/base/mkii/supp-pdf.mkii
[Loading MPS to PDF converter (version 2006.09.02).]
\scratchcounter=\count89
\scratchdimen=\dimen106
\scratchbox=\box29
\nofMPsegments=\count90
\nofMParguments=\count91
\everyMPshowfont=\toks17
\MPscratchCnt=\count92
\MPscratchDim=\dimen107
\MPnumerator=\count93
\makeMPintoPDFobject=\count94
\everyMPtoPDFconversion=\toks18
) (/usr/local/texlive/2019/texmf-dist/tex/latex/oberdiek/epstopdf-base.sty
Package: epstopdf-base 2016/05/15 v2.6 Base part for package epstopdf

(/usr/local/texlive/2019/texmf-dist/tex/generic/oberdiek/infwarerr.sty
Package: infwarerr 2016/05/16 v1.4 Providing info/warning/error messages (HO)
)
(/usr/local/texlive/2019/texmf-dist/tex/latex/oberdiek/grfext.sty
Package: grfext 2016/05/16 v1.2 Manage graphics extensions (HO)

(/usr/local/texlive/2019/texmf-dist/tex/generic/oberdiek/kvdefinekeys.sty
Package: kvdefinekeys 2016/05/16 v1.4 Define keys (HO)

(/usr/local/texlive/2019/texmf-dist/tex/generic/oberdiek/ltxcmds.sty
Package: ltxcmds 2016/05/16 v1.23 LaTeX kernel commands for general use (HO)
)))
(/usr/local/texlive/2019/texmf-dist/tex/latex/oberdiek/kvoptions.sty
Package: kvoptions 2016/05/16 v3.12 Key value format for package options (HO)

(/usr/local/texlive/2019/texmf-dist/tex/generic/oberdiek/kvsetkeys.sty
Package: kvsetkeys 2016/05/16 v1.17 Key value parser (HO)

(/usr/local/texlive/2019/texmf-dist/tex/generic/oberdiek/etexcmds.sty
Package: etexcmds 2016/05/16 v1.6 Avoid name clashes with e-TeX commands (HO)

(/usr/local/texlive/2019/texmf-dist/tex/generic/oberdiek/ifluatex.sty
Package: ifluatex 2016/05/16 v1.4 Provides the ifluatex switch (HO)
Package ifluatex Info: LuaTeX not detected.
))))
(/usr/local/texlive/2019/texmf-dist/tex/generic/oberdiek/pdftexcmds.sty
Package: pdftexcmds 2018/09/10 v0.29 Utility functions of pdfTeX for LuaTeX (HO
)

(/usr/local/texlive/2019/texmf-dist/tex/generic/oberdiek/ifpdf.sty
Package: ifpdf 2018/09/07 v3.3 Provides the ifpdf switch
)
Package pdftexcmds Info: LuaTeX not detected.
Package pdftexcmds Info: \pdf@primitive is available.
Package pdftexcmds Info: \pdf@ifprimitive is available.
Package pdftexcmds Info: \pdfdraftmode found.
)
Package epstopdf-base Info: Redefining graphics rule for `.eps' on input line 4
38.
Package grfext Info: Graphics extension search list:
(grfext)             [.pdf,.png,.jpg,.mps,.jpeg,.jbig2,.jb2,.PDF,.PNG,.JPG,.JPE
G,.JBIG2,.JB2,.eps]
(grfext)             \AppendGraphicsExtensions on input line 456.

(/usr/local/texlive/2019/texmf-dist/tex/latex/latexconfig/epstopdf-sys.cfg
File: epstopdf-sys.cfg 2010/07/13 v1.3 Configuration of (r)epstopdf for TeX Liv
e
))
LaTeX Font Info:    Try loading font information for OMS+cmr on input line 32.

(/usr/local/texlive/2019/texmf-dist/tex/latex/base/omscmr.fd
File: omscmr.fd 2014/09/29 v2.5h Standard LaTeX font definitions
)
LaTeX Font Info:    Font shape `OMS/cmr/m/n' in size <14.4> not available
(Font)              Font shape `OMS/cmsy/m/n' tried instead on input line 32.
 (./zen.toc
LaTeX Font Info:    External font `cmex10' loaded for size
(Font)              <12> on input line 4.
LaTeX Font Info:    External font `cmex10' loaded for size
(Font)              <8> on input line 4.
LaTeX Font Info:    External font `cmex10' loaded for size
(Font)              <6> on input line 4.

[1{/usr/local/texlive/2019/texmf-var/fonts/map/pdftex/updmap/pdftex.map}

])
\tf@toc=\write3
\openout3 = `zen.toc'.


[2] [3]
OcamlWeb file Pidgin.ml
[4]
LaTeX Font Info:    Font shape `OMS/cmr/m/n' in size <12> not available
(Font)              Font shape `OMS/cmsy/m/n' tried instead on input line 223.

OcamlWeb file Gen.ml
[5]
OcamlWeb file List2.ml
[6] [7]
Overfull \hbox (44.46396pt too wide) in paragraph at lines 502--506
$[] [][] [][]$ \OT1/cmr/m/n/12 re-turns a pair of lists $([]\OML/cmm/m/it/12 ; 
 [][]\OT1/cmr/m/n/12 )$ such that $[] []@ [][] [] =  [][]$ and $[]\OML/cmm/m/it
/12 :[] [][] [] \OT1/cmr/m/n/12 =  [][]$.
 []

[8] [9]
OcamlWeb file Word.ml
[10] [11] [12]
Underfull \hbox (badness 10000) in paragraph at lines 905--910

 []

[13]
OcamlWeb file Zipper.ml
[14] [15] [16] [17] [18]
OcamlWeb file Bintree.ml
[19] [20] [21]
OcamlWeb file Trie.ml

Overfull \hbox (8.52803pt too wide) in paragraph at lines 1614--1620
[] []\OT1/cmr/m/n/12 ([]\OML/cmm/m/it/12 ; \OT1/cmr/m/n/12 [ [](1\OML/cmm/m/it/
12 ; [] []\OT1/cmr/m/n/12 ([]\OML/cmm/m/it/12 ; \OT1/cmr/m/n/12 [ ]));  [](2\OM
L/cmm/m/it/12 ; [] []\OT1/cmr/m/n/12 ([]\OML/cmm/m/it/12 ; \OT1/cmr/m/n/12 [ []
(2\OML/cmm/m/it/12 ; [] []\OT1/cmr/m/n/12 ([]\OML/cmm/m/it/12 ; \OT1/cmr/m/n/12
 [ ]));  [] [](3\OML/cmm/m/it/12 ; [] []\OT1/cmr/m/n/12 ([]\OML/cmm/m/it/12 ; \
OT1/cmr/m/n/12 [ ])) []])) []]) []$. 
 []

[22] [23] [24] [25]
Underfull \hbox (badness 10000) in paragraph at lines 1882--1884

 []

OcamlWeb file Ascii.ml
OcamlWeb file Lexicon.ml
[26]
OcamlWeb file Make_lex.ml

Overfull \hbox (25.88829pt too wide) in paragraph at lines 2022--2023
$\OMS/cmsy/m/n/12 j [] [][] [] ! [] [][] [][] []$\OT1/cmtt/m/n/12 "Fatal error:
 duplicated word\n" 
 []

[27]
OcamlWeb file Share.mli
OcamlWeb file Share.ml
[28] [29]
OcamlWeb file Mini.ml
[30]
OcamlWeb file Dagify.ml
OcamlWeb file Make_english_lexicon.ml
[31] [32]
OcamlWeb file Zen_lexer.ml
[33] [34]
OcamlWeb file Latin.ml
[35]
OcamlWeb file Make_french_lexicon.ml
[36]
OcamlWeb file Tertree.ml
[37] [38] [39]
OcamlWeb file Minitertree.ml
[40]
OcamlWeb file Deco.ml
[41] [42] [43] [44] [45]
OcamlWeb file Lexmap.ml
[46] [47]
OcamlWeb file Minimap.mli
OcamlWeb file Minimap.ml
[48] [49] [50]
OcamlWeb file Unglue.ml
[51] [52]
OcamlWeb file Unglue_test.ml
[53] [54] [55] [56]
OcamlWeb file Aum0.mli
[57] [58]
OcamlWeb file React0.ml
[59] [60]
OcamlWeb file Aumt.mli
[61]
OcamlWeb file Reactt.ml
[62] [63] [64] [65] [66]
OcamlWeb file Regular.ml
[67] [68] [69] [70] [71] [72] [73] [74] [75] [76] [77] [78] [79] [80] [81]
[82]
Overfull \hbox (24.2164pt too wide) in paragraph at lines 6290--6291
$[][] [][] [][] [][] [][] [][] [][] [][]$ 
 []

[83] [84]
<skt.jpg, id=285, 317.68687pt x 228.10219pt>
File: skt.jpg Graphic file (type jpg)
<use skt.jpg>
Package pdftex.def Info: skt.jpg  used on input line 6392.
(pdftex.def)             Requested size: 312.9803pt x 224.74286pt.
 [85 <./skt.jpg>]
OcamlWeb file Sanskrit_engine.ml
[86] [87] [88] [89] [90


] (./zen.aux)

LaTeX Warning: Label(s) may have changed. Rerun to get cross-references right.

 ) 
Here is how much of TeX's memory you used:
 1984 strings out of 492616
 29953 string characters out of 6129481
 100688 words of memory out of 5000000
 5883 multiletter control sequences out of 15000+600000
 11810 words of font info for 41 fonts, out of 8000000 for 9000
 1141 hyphenation exceptions out of 8191
 41i,6n,25p,991b,272s stack positions out of 5000i,500n,10000p,200000b,80000s
</usr/local/texlive/2019/texmf-dist/fonts/type1/public/amsfonts/cm/cmbx10.pfb
></usr/local/texlive/2019/texmf-dist/fonts/type1/public/amsfonts/cm/cmbx12.pfb>
</usr/local/texlive/2019/texmf-dist/fonts/type1/public/amsfonts/cm/cmmi12.pfb><
/usr/local/texlive/2019/texmf-dist/fonts/type1/public/amsfonts/cm/cmmi8.pfb></u
sr/local/texlive/2019/texmf-dist/fonts/type1/public/amsfonts/cm/cmr10.pfb></usr
/local/texlive/2019/texmf-dist/fonts/type1/public/amsfonts/cm/cmr12.pfb></usr/l
ocal/texlive/2019/texmf-dist/fonts/type1/public/amsfonts/cm/cmr17.pfb></usr/loc
al/texlive/2019/texmf-dist/fonts/type1/public/amsfonts/cm/cmr8.pfb></usr/local/
texlive/2019/texmf-dist/fonts/type1/public/amsfonts/cm/cmsl10.pfb></usr/local/t
exlive/2019/texmf-dist/fonts/type1/public/amsfonts/cm/cmsl12.pfb></usr/local/te
xlive/2019/texmf-dist/fonts/type1/public/amsfonts/cm/cmss12.pfb></usr/local/tex
live/2019/texmf-dist/fonts/type1/public/amsfonts/cm/cmsy10.pfb></usr/local/texl
ive/2019/texmf-dist/fonts/type1/public/amsfonts/cm/cmsy8.pfb></usr/local/texliv
e/2019/texmf-dist/fonts/type1/public/amsfonts/cm/cmti12.pfb></usr/local/texlive
/2019/texmf-dist/fonts/type1/public/amsfonts/cm/cmtt10.pfb></usr/local/texlive/
2019/texmf-dist/fonts/type1/public/amsfonts/cm/cmtt12.pfb>
Output written on zen.pdf (90 pages, 443051 bytes).
PDF statistics:
 360 PDF objects out of 1000 (max. 8388607)
 248 compressed objects within 3 object streams
 0 named destinations out of 1000 (max. 500000)
 6 words of extra memory for PDF output out of 10000 (max. 10000000)

